2026-09-25 21:35:10,692 - INFO - No device provided, using cuda:0
2026-09-25 21:35:11,032 - INFO - HTTP Request: HEAD https://huggingface.co/LazarusNLP/simcse-indobert-base/resolve/main/modules.json "HTTP/1.1 307 Temporary Redirect"
2026-09-25 21:35:11,043 - INFO - HTTP Request: HEAD https://huggingface.co/api/resolve-cache/models/LazarusNLP/simcse-indobert-base/8bfc4599e5a1d040a8f764980482c2207b3f932d/modules.json "HTTP/1.1 200 OK"
2026-09-25 21:35:11,310 - INFO - HTTP Request: HEAD https://huggingface.co/LazarusNLP/simcse-indobert-base/resolve/main/config_sentence_transformers.json "HTTP/1.1 307 Temporary Redirect"
2026-09-25 21:35:11,320 - INFO - HTTP Request: HEAD https://huggingface.co/api/resolve-cache/models/LazarusNLP/simcse-indobert-base/8bfc4599e5a1d040a8f764980482c2207b3f932d/config_sentence_transformers.json "HTTP/1.1 200 OK"
2026-09-25 21:35:11,322 - INFO - Loading SentenceTransformer model from LazarusNLP/simcse-indobert-base.
2026-09-25 21:35:11,586 - INFO - HTTP Request: HEAD https://huggingface.co/LazarusNLP/simcse-indobert-base/resolve/main/config_sentence_transformers.json "HTTP/1.1 307 Temporary Redirect"
2026-09-25 21:35:11,597 - INFO - HTTP Request: HEAD https://huggingface.co/api/resolve-cache/models/LazarusNLP/simcse-indobert-base/8bfc4599e5a1d040a8f764980482c2207b3f932d/config_sentence_transformers.json "HTTP/1.1 200 OK"
2026-09-25 21:35:11,868 - INFO - HTTP Request: HEAD https://huggingface.co/LazarusNLP/simcse-indobert-base/resolve/main/README.md "HTTP/1.1 307 Temporary Redirect"
2026-09-25 21:35:11,877 - INFO - HTTP Request: HEAD https://huggingface.co/api/resolve-cache/models/LazarusNLP/simcse-indobert-base/8bfc4599e5a1d040a8f764980482c2207b3f932d/README.md "HTTP/1.1 200 OK"
2026-09-25 21:35:12,150 - INFO - HTTP Request: HEAD https://huggingface.co/LazarusNLP/simcse-indobert-base/resolve/main/modules.json "HTTP/1.1 307 Temporary Redirect"
2026-09-25 21:35:12,163 - INFO - HTTP Request: HEAD https://huggingface.co/api/resolve-cache/models/LazarusNLP/simcse-indobert-base/8bfc4599e5a1d040a8f764980482c2207b3f932d/modules.json "HTTP/1.1 200 OK"
2026-09-25 21:35:12,443 - INFO - HTTP Request: HEAD https://huggingface.co/LazarusNLP/simcse-indobert-base/resolve/main/sentence_bert_config.json "HTTP/1.1 307 Temporary Redirect"
2026-09-25 21:35:12,451 - INFO - HTTP Request: HEAD https://huggingface.co/api/resolve-cache/models/LazarusNLP/simcse-indobert-base/8bfc4599e5a1d040a8f764980482c2207b3f932d/sentence_bert_config.json "HTTP/1.1 200 OK"
2026-09-25 21:35:12,721 - INFO - HTTP Request: HEAD https://huggingface.co/LazarusNLP/simcse-indobert-base/resolve/main/adapter_config.json "HTTP/1.1 404 Not Found"
2026-09-25 21:35:12,978 - INFO - HTTP Request: HEAD https://huggingface.co/LazarusNLP/simcse-indobert-base/resolve/main/config.json "HTTP/1.1 307 Temporary Redirect"
2026-09-25 21:35:12,988 - INFO - HTTP Request: HEAD https://huggingface.co/api/resolve-cache/models/LazarusNLP/simcse-indobert-base/8bfc4599e5a1d040a8f764980482c2207b3f932d/config.json "HTTP/1.1 200 OK"
2026-09-25 21:35:13,387 - INFO - HTTP Request: HEAD https://huggingface.co/LazarusNLP/simcse-indobert-base/resolve/main/processor_config.json "HTTP/1.1 404 Not Found"
2026-09-25 21:35:13,658 - INFO - HTTP Request: HEAD https://huggingface.co/LazarusNLP/simcse-indobert-base/resolve/main/preprocessor_config.json "HTTP/1.1 404 Not Found"
2026-09-25 21:35:13,933 - INFO - HTTP Request: HEAD https://huggingface.co/LazarusNLP/simcse-indobert-base/resolve/main/video_preprocessor_config.json "HTTP/1.1 404 Not Found"
2026-09-25 21:35:14,197 - INFO - HTTP Request: HEAD https://huggingface.co/LazarusNLP/simcse-indobert-base/resolve/main/preprocessor_config.json "HTTP/1.1 404 Not Found"
2026-09-25 21:35:14,488 - INFO - HTTP Request: HEAD https://huggingface.co/LazarusNLP/simcse-indobert-base/resolve/main/tokenizer_config.json "HTTP/1.1 307 Temporary Redirect"
2026-09-25 21:35:14,497 - INFO - HTTP Request: HEAD https://huggingface.co/api/resolve-cache/models/LazarusNLP/simcse-indobert-base/8bfc4599e5a1d040a8f764980482c2207b3f932d/tokenizer_config.json "HTTP/1.1 200 OK"
2026-09-25 21:35:14,767 - INFO - HTTP Request: HEAD https://huggingface.co/LazarusNLP/simcse-indobert-base/resolve/main/config.json "HTTP/1.1 307 Temporary Redirect"
2026-09-25 21:35:14,778 - INFO - HTTP Request: HEAD https://huggingface.co/api/resolve-cache/models/LazarusNLP/simcse-indobert-base/8bfc4599e5a1d040a8f764980482c2207b3f932d/config.json "HTTP/1.1 200 OK"
2026-09-25 21:35:15,058 - INFO - HTTP Request: HEAD https://huggingface.co/LazarusNLP/simcse-indobert-base/resolve/main/config.json "HTTP/1.1 307 Temporary Redirect"
2026-09-25 21:35:15,068 - INFO - HTTP Request: HEAD https://huggingface.co/api/resolve-cache/models/LazarusNLP/simcse-indobert-base/8bfc4599e5a1d040a8f764980482c2207b3f932d/config.json "HTTP/1.1 200 OK"
2026-09-25 21:35:15,327 - INFO - HTTP Request: HEAD https://huggingface.co/LazarusNLP/simcse-indobert-base/resolve/main/tokenizer_config.json "HTTP/1.1 307 Temporary Redirect"
2026-09-25 21:35:15,337 - INFO - HTTP Request: HEAD https://huggingface.co/api/resolve-cache/models/LazarusNLP/simcse-indobert-base/8bfc4599e5a1d040a8f764980482c2207b3f932d/tokenizer_config.json "HTTP/1.1 200 OK"
2026-09-25 21:35:15,609 - INFO - HTTP Request: GET https://huggingface.co/api/models/LazarusNLP/simcse-indobert-base/tree/main/additional_chat_templates?recursive=false&expand=false "HTTP/1.1 404 Not Found"
2026-09-25 21:35:15,886 - INFO - HTTP Request: GET https://huggingface.co/api/models/LazarusNLP/simcse-indobert-base/tree/main?recursive=true&expand=false "HTTP/1.1 200 OK"
2026-09-25 21:35:16,197 - INFO - HTTP Request: HEAD https://huggingface.co/LazarusNLP/simcse-indobert-base/resolve/main/1_Pooling/config.json "HTTP/1.1 307 Temporary Redirect"
2026-09-25 21:35:16,206 - INFO - HTTP Request: HEAD https://huggingface.co/api/resolve-cache/models/LazarusNLP/simcse-indobert-base/8bfc4599e5a1d040a8f764980482c2207b3f932d/1_Pooling%2Fconfig.json "HTTP/1.1 200 OK"
2026-09-25 21:35:16,484 - INFO - HTTP Request: GET https://huggingface.co/api/models/LazarusNLP/simcse-indobert-base "HTTP/1.1 200 OK"
2026-09-25 21:35:16,759 - INFO - Loading Hugging Face model: google/gemma-3-4b-it
2026-09-25 21:35:17,027 - INFO - HTTP Request: HEAD https://huggingface.co/google/gemma-3-4b-it/resolve/main/config.json "HTTP/1.1 200 OK"
2026-09-25 21:35:17,303 - INFO - HTTP Request: HEAD https://huggingface.co/google/gemma-3-4b-it/resolve/main/tokenizer_config.json "HTTP/1.1 200 OK"
2026-09-25 21:35:17,593 - INFO - HTTP Request: GET https://huggingface.co/api/models/google/gemma-3-4b-it/tree/main/additional_chat_templates?recursive=false&expand=false "HTTP/1.1 404 Not Found"
2026-09-25 21:35:17,856 - INFO - HTTP Request: GET https://huggingface.co/api/models/google/gemma-3-4b-it/tree/main?recursive=true&expand=false "HTTP/1.1 200 OK"
2026-09-25 21:35:18,921 - INFO - HTTP Request: GET https://huggingface.co/api/models/google/gemma-3-4b-it "HTTP/1.1 200 OK"
2026-09-25 21:35:19,213 - INFO - HTTP Request: HEAD https://huggingface.co/google/gemma-3-4b-it/resolve/main/config.json "HTTP/1.1 200 OK"
2026-09-25 21:35:24,027 - INFO - HTTP Request: HEAD https://huggingface.co/google/gemma-3-4b-it/resolve/main/generation_config.json "HTTP/1.1 200 OK"
2026-09-25 21:35:24,037 - INFO - Berhasil memuat dataset yang sudah dipecah dari klasifikasi.
2026-09-25 21:35:24,037 - INFO - Style Pool / Retrieval Index (30%): 1500 kalimat.
2026-09-25 21:35:24,037 - INFO - Test Set (10%): 500 kalimat.
2026-09-25 21:35:24,718 - INFO - Mengeksekusi 5 data menuju target formal.
2026-09-25 21:36:16,979 - INFO - Mengeksekusi 5 data menuju target informal.
