2026-09-25 22:26:22,496 - INFO - No device provided, using cuda:0
2026-09-25 22:26:22,815 - INFO - HTTP Request: HEAD https://huggingface.co/LazarusNLP/simcse-indobert-base/resolve/main/modules.json "HTTP/1.1 307 Temporary Redirect"
2026-09-25 22:26:22,824 - INFO - HTTP Request: HEAD https://huggingface.co/api/resolve-cache/models/LazarusNLP/simcse-indobert-base/8bfc4599e5a1d040a8f764980482c2207b3f932d/modules.json "HTTP/1.1 200 OK"
2026-09-25 22:26:23,087 - INFO - HTTP Request: HEAD https://huggingface.co/LazarusNLP/simcse-indobert-base/resolve/main/config_sentence_transformers.json "HTTP/1.1 307 Temporary Redirect"
2026-09-25 22:26:23,096 - INFO - HTTP Request: HEAD https://huggingface.co/api/resolve-cache/models/LazarusNLP/simcse-indobert-base/8bfc4599e5a1d040a8f764980482c2207b3f932d/config_sentence_transformers.json "HTTP/1.1 200 OK"
2026-09-25 22:26:23,099 - INFO - Loading SentenceTransformer model from LazarusNLP/simcse-indobert-base.
2026-09-25 22:26:23,371 - INFO - HTTP Request: HEAD https://huggingface.co/LazarusNLP/simcse-indobert-base/resolve/main/config_sentence_transformers.json "HTTP/1.1 307 Temporary Redirect"
2026-09-25 22:26:23,380 - INFO - HTTP Request: HEAD https://huggingface.co/api/resolve-cache/models/LazarusNLP/simcse-indobert-base/8bfc4599e5a1d040a8f764980482c2207b3f932d/config_sentence_transformers.json "HTTP/1.1 200 OK"
2026-09-25 22:26:23,666 - INFO - HTTP Request: HEAD https://huggingface.co/LazarusNLP/simcse-indobert-base/resolve/main/README.md "HTTP/1.1 307 Temporary Redirect"
2026-09-25 22:26:23,675 - INFO - HTTP Request: HEAD https://huggingface.co/api/resolve-cache/models/LazarusNLP/simcse-indobert-base/8bfc4599e5a1d040a8f764980482c2207b3f932d/README.md "HTTP/1.1 200 OK"
2026-09-25 22:26:23,982 - INFO - HTTP Request: HEAD https://huggingface.co/LazarusNLP/simcse-indobert-base/resolve/main/modules.json "HTTP/1.1 307 Temporary Redirect"
2026-09-25 22:26:23,992 - INFO - HTTP Request: HEAD https://huggingface.co/api/resolve-cache/models/LazarusNLP/simcse-indobert-base/8bfc4599e5a1d040a8f764980482c2207b3f932d/modules.json "HTTP/1.1 200 OK"
2026-09-25 22:26:24,252 - INFO - HTTP Request: HEAD https://huggingface.co/LazarusNLP/simcse-indobert-base/resolve/main/sentence_bert_config.json "HTTP/1.1 307 Temporary Redirect"
2026-09-25 22:26:24,261 - INFO - HTTP Request: HEAD https://huggingface.co/api/resolve-cache/models/LazarusNLP/simcse-indobert-base/8bfc4599e5a1d040a8f764980482c2207b3f932d/sentence_bert_config.json "HTTP/1.1 200 OK"
2026-09-25 22:26:24,520 - INFO - HTTP Request: HEAD https://huggingface.co/LazarusNLP/simcse-indobert-base/resolve/main/adapter_config.json "HTTP/1.1 404 Not Found"
2026-09-25 22:26:24,780 - INFO - HTTP Request: HEAD https://huggingface.co/LazarusNLP/simcse-indobert-base/resolve/main/config.json "HTTP/1.1 307 Temporary Redirect"
2026-09-25 22:26:24,788 - INFO - HTTP Request: HEAD https://huggingface.co/api/resolve-cache/models/LazarusNLP/simcse-indobert-base/8bfc4599e5a1d040a8f764980482c2207b3f932d/config.json "HTTP/1.1 200 OK"
2026-09-25 22:26:25,200 - INFO - HTTP Request: HEAD https://huggingface.co/LazarusNLP/simcse-indobert-base/resolve/main/processor_config.json "HTTP/1.1 404 Not Found"
2026-09-25 22:26:25,464 - INFO - HTTP Request: HEAD https://huggingface.co/LazarusNLP/simcse-indobert-base/resolve/main/preprocessor_config.json "HTTP/1.1 404 Not Found"
2026-09-25 22:26:25,746 - INFO - HTTP Request: HEAD https://huggingface.co/LazarusNLP/simcse-indobert-base/resolve/main/video_preprocessor_config.json "HTTP/1.1 404 Not Found"
2026-09-25 22:26:26,008 - INFO - HTTP Request: HEAD https://huggingface.co/LazarusNLP/simcse-indobert-base/resolve/main/preprocessor_config.json "HTTP/1.1 404 Not Found"
2026-09-25 22:26:26,281 - INFO - HTTP Request: HEAD https://huggingface.co/LazarusNLP/simcse-indobert-base/resolve/main/tokenizer_config.json "HTTP/1.1 307 Temporary Redirect"
2026-09-25 22:26:26,291 - INFO - HTTP Request: HEAD https://huggingface.co/api/resolve-cache/models/LazarusNLP/simcse-indobert-base/8bfc4599e5a1d040a8f764980482c2207b3f932d/tokenizer_config.json "HTTP/1.1 200 OK"
2026-09-25 22:26:26,556 - INFO - HTTP Request: HEAD https://huggingface.co/LazarusNLP/simcse-indobert-base/resolve/main/config.json "HTTP/1.1 307 Temporary Redirect"
2026-09-25 22:26:26,566 - INFO - HTTP Request: HEAD https://huggingface.co/api/resolve-cache/models/LazarusNLP/simcse-indobert-base/8bfc4599e5a1d040a8f764980482c2207b3f932d/config.json "HTTP/1.1 200 OK"
2026-09-25 22:26:26,828 - INFO - HTTP Request: HEAD https://huggingface.co/LazarusNLP/simcse-indobert-base/resolve/main/config.json "HTTP/1.1 307 Temporary Redirect"
2026-09-25 22:26:26,837 - INFO - HTTP Request: HEAD https://huggingface.co/api/resolve-cache/models/LazarusNLP/simcse-indobert-base/8bfc4599e5a1d040a8f764980482c2207b3f932d/config.json "HTTP/1.1 200 OK"
2026-09-25 22:26:27,173 - INFO - HTTP Request: HEAD https://huggingface.co/LazarusNLP/simcse-indobert-base/resolve/main/tokenizer_config.json "HTTP/1.1 307 Temporary Redirect"
2026-09-25 22:26:27,184 - INFO - HTTP Request: HEAD https://huggingface.co/api/resolve-cache/models/LazarusNLP/simcse-indobert-base/8bfc4599e5a1d040a8f764980482c2207b3f932d/tokenizer_config.json "HTTP/1.1 200 OK"
2026-09-25 22:26:27,459 - INFO - HTTP Request: GET https://huggingface.co/api/models/LazarusNLP/simcse-indobert-base/tree/main/additional_chat_templates?recursive=false&expand=false "HTTP/1.1 404 Not Found"
2026-09-25 22:26:27,727 - INFO - HTTP Request: GET https://huggingface.co/api/models/LazarusNLP/simcse-indobert-base/tree/main?recursive=true&expand=false "HTTP/1.1 200 OK"
2026-09-25 22:26:28,024 - INFO - HTTP Request: HEAD https://huggingface.co/LazarusNLP/simcse-indobert-base/resolve/main/1_Pooling/config.json "HTTP/1.1 307 Temporary Redirect"
2026-09-25 22:26:28,032 - INFO - HTTP Request: HEAD https://huggingface.co/api/resolve-cache/models/LazarusNLP/simcse-indobert-base/8bfc4599e5a1d040a8f764980482c2207b3f932d/1_Pooling%2Fconfig.json "HTTP/1.1 200 OK"
2026-09-25 22:26:28,303 - INFO - HTTP Request: GET https://huggingface.co/api/models/LazarusNLP/simcse-indobert-base "HTTP/1.1 200 OK"
2026-09-25 22:26:29,145 - INFO - Loading Hugging Face model: google/gemma-3-4b-it
2026-09-25 22:26:29,405 - INFO - HTTP Request: HEAD https://huggingface.co/google/gemma-3-4b-it/resolve/main/config.json "HTTP/1.1 200 OK"
2026-09-25 22:26:29,678 - INFO - HTTP Request: HEAD https://huggingface.co/google/gemma-3-4b-it/resolve/main/tokenizer_config.json "HTTP/1.1 200 OK"
2026-09-25 22:26:29,973 - INFO - HTTP Request: GET https://huggingface.co/api/models/google/gemma-3-4b-it/tree/main/additional_chat_templates?recursive=false&expand=false "HTTP/1.1 404 Not Found"
2026-09-25 22:26:30,249 - INFO - HTTP Request: GET https://huggingface.co/api/models/google/gemma-3-4b-it/tree/main?recursive=true&expand=false "HTTP/1.1 200 OK"
2026-09-25 22:26:31,385 - INFO - HTTP Request: GET https://huggingface.co/api/models/google/gemma-3-4b-it "HTTP/1.1 200 OK"
2026-09-25 22:26:31,682 - INFO - HTTP Request: HEAD https://huggingface.co/google/gemma-3-4b-it/resolve/main/config.json "HTTP/1.1 200 OK"
2026-09-25 22:26:41,483 - INFO - HTTP Request: HEAD https://huggingface.co/google/gemma-3-4b-it/resolve/main/generation_config.json "HTTP/1.1 200 OK"
2026-09-25 22:26:41,494 - INFO - Berhasil memuat dataset yang sudah dipecah dari klasifikasi.
2026-09-25 22:26:41,494 - INFO - Style Pool / Retrieval Index (30%): 1500 kalimat.
2026-09-25 22:26:41,494 - INFO - Test Set (10%): 500 kalimat.
2026-09-25 22:26:41,553 - INFO - Mengeksekusi seluruh Test Set: 250 data menuju target formal.
2026-09-25 23:09:43,162 - INFO - Mengeksekusi seluruh Test Set: 250 data menuju target informal.
2026-09-25 23:51:20,194 - INFO - ALL FEW-SHOT EXPERIMENTS COMPLETED.
