2026-05-15 22:40:18,587 - INFO - No device provided, using cuda:0
2026-05-15 22:40:18,940 - INFO - HTTP Request: HEAD https://huggingface.co/LazarusNLP/simcse-indobert-base/resolve/main/modules.json "HTTP/1.1 307 Temporary Redirect"
2026-05-15 22:40:18,964 - INFO - HTTP Request: HEAD https://huggingface.co/api/resolve-cache/models/LazarusNLP/simcse-indobert-base/8bfc4599e5a1d040a8f764980482c2207b3f932d/modules.json "HTTP/1.1 200 OK"
2026-05-15 22:40:19,230 - INFO - HTTP Request: HEAD https://huggingface.co/LazarusNLP/simcse-indobert-base/resolve/main/config_sentence_transformers.json "HTTP/1.1 307 Temporary Redirect"
2026-05-15 22:40:19,255 - INFO - HTTP Request: HEAD https://huggingface.co/api/resolve-cache/models/LazarusNLP/simcse-indobert-base/8bfc4599e5a1d040a8f764980482c2207b3f932d/config_sentence_transformers.json "HTTP/1.1 200 OK"
2026-05-15 22:40:19,258 - INFO - Loading SentenceTransformer model from LazarusNLP/simcse-indobert-base.
2026-05-15 22:40:19,540 - INFO - HTTP Request: HEAD https://huggingface.co/LazarusNLP/simcse-indobert-base/resolve/main/config_sentence_transformers.json "HTTP/1.1 307 Temporary Redirect"
2026-05-15 22:40:19,566 - INFO - HTTP Request: HEAD https://huggingface.co/api/resolve-cache/models/LazarusNLP/simcse-indobert-base/8bfc4599e5a1d040a8f764980482c2207b3f932d/config_sentence_transformers.json "HTTP/1.1 200 OK"
2026-05-15 22:40:19,817 - INFO - HTTP Request: HEAD https://huggingface.co/LazarusNLP/simcse-indobert-base/resolve/main/README.md "HTTP/1.1 307 Temporary Redirect"
2026-05-15 22:40:19,839 - INFO - HTTP Request: HEAD https://huggingface.co/api/resolve-cache/models/LazarusNLP/simcse-indobert-base/8bfc4599e5a1d040a8f764980482c2207b3f932d/README.md "HTTP/1.1 200 OK"
2026-05-15 22:40:20,094 - INFO - HTTP Request: HEAD https://huggingface.co/LazarusNLP/simcse-indobert-base/resolve/main/modules.json "HTTP/1.1 307 Temporary Redirect"
2026-05-15 22:40:20,120 - INFO - HTTP Request: HEAD https://huggingface.co/api/resolve-cache/models/LazarusNLP/simcse-indobert-base/8bfc4599e5a1d040a8f764980482c2207b3f932d/modules.json "HTTP/1.1 200 OK"
2026-05-15 22:40:20,429 - INFO - HTTP Request: HEAD https://huggingface.co/LazarusNLP/simcse-indobert-base/resolve/main/sentence_bert_config.json "HTTP/1.1 307 Temporary Redirect"
2026-05-15 22:40:20,455 - INFO - HTTP Request: HEAD https://huggingface.co/api/resolve-cache/models/LazarusNLP/simcse-indobert-base/8bfc4599e5a1d040a8f764980482c2207b3f932d/sentence_bert_config.json "HTTP/1.1 200 OK"
2026-05-15 22:40:20,719 - INFO - HTTP Request: HEAD https://huggingface.co/LazarusNLP/simcse-indobert-base/resolve/main/adapter_config.json "HTTP/1.1 404 Not Found"
2026-05-15 22:40:20,976 - INFO - HTTP Request: HEAD https://huggingface.co/LazarusNLP/simcse-indobert-base/resolve/main/config.json "HTTP/1.1 307 Temporary Redirect"
2026-05-15 22:40:21,002 - INFO - HTTP Request: HEAD https://huggingface.co/api/resolve-cache/models/LazarusNLP/simcse-indobert-base/8bfc4599e5a1d040a8f764980482c2207b3f932d/config.json "HTTP/1.1 200 OK"
2026-05-15 22:40:21,360 - INFO - HTTP Request: HEAD https://huggingface.co/LazarusNLP/simcse-indobert-base/resolve/main/processor_config.json "HTTP/1.1 404 Not Found"
2026-05-15 22:40:21,611 - INFO - HTTP Request: HEAD https://huggingface.co/LazarusNLP/simcse-indobert-base/resolve/main/preprocessor_config.json "HTTP/1.1 404 Not Found"
2026-05-15 22:40:21,863 - INFO - HTTP Request: HEAD https://huggingface.co/LazarusNLP/simcse-indobert-base/resolve/main/video_preprocessor_config.json "HTTP/1.1 404 Not Found"
2026-05-15 22:40:22,137 - INFO - HTTP Request: HEAD https://huggingface.co/LazarusNLP/simcse-indobert-base/resolve/main/preprocessor_config.json "HTTP/1.1 404 Not Found"
2026-05-15 22:40:22,409 - INFO - HTTP Request: HEAD https://huggingface.co/LazarusNLP/simcse-indobert-base/resolve/main/tokenizer_config.json "HTTP/1.1 307 Temporary Redirect"
2026-05-15 22:40:22,433 - INFO - HTTP Request: HEAD https://huggingface.co/api/resolve-cache/models/LazarusNLP/simcse-indobert-base/8bfc4599e5a1d040a8f764980482c2207b3f932d/tokenizer_config.json "HTTP/1.1 200 OK"
2026-05-15 22:40:22,683 - INFO - HTTP Request: HEAD https://huggingface.co/LazarusNLP/simcse-indobert-base/resolve/main/config.json "HTTP/1.1 307 Temporary Redirect"
2026-05-15 22:40:22,710 - INFO - HTTP Request: HEAD https://huggingface.co/api/resolve-cache/models/LazarusNLP/simcse-indobert-base/8bfc4599e5a1d040a8f764980482c2207b3f932d/config.json "HTTP/1.1 200 OK"
2026-05-15 22:40:22,980 - INFO - HTTP Request: HEAD https://huggingface.co/LazarusNLP/simcse-indobert-base/resolve/main/config.json "HTTP/1.1 307 Temporary Redirect"
2026-05-15 22:40:23,008 - INFO - HTTP Request: HEAD https://huggingface.co/api/resolve-cache/models/LazarusNLP/simcse-indobert-base/8bfc4599e5a1d040a8f764980482c2207b3f932d/config.json "HTTP/1.1 200 OK"
2026-05-15 22:40:23,252 - INFO - HTTP Request: HEAD https://huggingface.co/LazarusNLP/simcse-indobert-base/resolve/main/tokenizer_config.json "HTTP/1.1 307 Temporary Redirect"
2026-05-15 22:40:23,277 - INFO - HTTP Request: HEAD https://huggingface.co/api/resolve-cache/models/LazarusNLP/simcse-indobert-base/8bfc4599e5a1d040a8f764980482c2207b3f932d/tokenizer_config.json "HTTP/1.1 200 OK"
2026-05-15 22:40:23,534 - INFO - HTTP Request: GET https://huggingface.co/api/models/LazarusNLP/simcse-indobert-base/tree/main/additional_chat_templates?recursive=false&expand=false "HTTP/1.1 404 Not Found"
2026-05-15 22:40:23,797 - INFO - HTTP Request: GET https://huggingface.co/api/models/LazarusNLP/simcse-indobert-base/tree/main?recursive=true&expand=false "HTTP/1.1 200 OK"
2026-05-15 22:40:24,247 - INFO - HTTP Request: HEAD https://huggingface.co/LazarusNLP/simcse-indobert-base/resolve/main/1_Pooling/config.json "HTTP/1.1 307 Temporary Redirect"
2026-05-15 22:40:24,273 - INFO - HTTP Request: HEAD https://huggingface.co/api/resolve-cache/models/LazarusNLP/simcse-indobert-base/8bfc4599e5a1d040a8f764980482c2207b3f932d/1_Pooling%2Fconfig.json "HTTP/1.1 200 OK"
2026-05-15 22:40:24,547 - INFO - HTTP Request: GET https://huggingface.co/api/models/LazarusNLP/simcse-indobert-base "HTTP/1.1 200 OK"
2026-05-15 22:40:24,795 - INFO - Loading Hugging Face model: google/gemma-3-4b-it
2026-05-15 22:40:25,081 - INFO - HTTP Request: HEAD https://huggingface.co/google/gemma-3-4b-it/resolve/main/config.json "HTTP/1.1 200 OK"
2026-05-15 22:40:25,367 - INFO - HTTP Request: HEAD https://huggingface.co/google/gemma-3-4b-it/resolve/main/tokenizer_config.json "HTTP/1.1 200 OK"
2026-05-15 22:40:25,680 - INFO - HTTP Request: GET https://huggingface.co/api/models/google/gemma-3-4b-it/tree/main/additional_chat_templates?recursive=false&expand=false "HTTP/1.1 404 Not Found"
2026-05-15 22:40:25,954 - INFO - HTTP Request: GET https://huggingface.co/api/models/google/gemma-3-4b-it/tree/main?recursive=true&expand=false "HTTP/1.1 200 OK"
2026-05-15 22:40:26,932 - INFO - HTTP Request: GET https://huggingface.co/api/models/google/gemma-3-4b-it "HTTP/1.1 200 OK"
2026-05-15 22:40:27,194 - INFO - HTTP Request: HEAD https://huggingface.co/google/gemma-3-4b-it/resolve/main/config.json "HTTP/1.1 200 OK"
2026-05-15 22:40:31,706 - INFO - HTTP Request: HEAD https://huggingface.co/google/gemma-3-4b-it/resolve/main/generation_config.json "HTTP/1.1 200 OK"
2026-05-15 22:40:31,727 - INFO - Dataset Berhasil Dipecah (Zero Leakage).
2026-05-15 22:40:31,727 - INFO - Style Pool (80%): 3998 kalimat (Sumber Pengetahuan).
2026-05-15 22:40:31,727 - INFO - Test Set (20%): 1000 kalimat (Target Evaluasi).
2026-05-15 22:40:32,873 - INFO - Mengeksekusi seluruh Test Set: 500 data menuju target formal.
2026-05-16 00:59:22,942 - INFO - Mengeksekusi seluruh Test Set: 500 data menuju target informal.
2026-05-16 03:20:41,843 - INFO - ALL FEW-SHOT EXPERIMENTS COMPLETED.
